op.bus.ping                                     1.0 µs  200 ok  {}
op.bus.schema                                  97.6 µs  200 ok  {}
op.bus.schema.whole                          1991.1 µs  30 ok  {}
op.bus.ops                                    342.5 µs  200 ok  {}
op.bus.whoami                                 140.9 µs  200 ok  {}
op.app.version                                  1.7 µs  200 ok  {}
op.app.status                                  19.7 µs  200 ok  {}
op.app.resources.get                           28.5 µs  200 ok  {}
op.app.resources.watch                          0.8 µs  30 ok  {}
op.app.recovery.last                            2.1 µs  200 ok  {}
op.app.log.tail                                 0.8 µs  0 ok  {"bus.not_implemented":200}
op.app.backup.now                             221.9 µs  6 ok  {}
op.app.backup.list                              6.8 µs  30 ok  {}
op.app.import.v3                               21.8 µs  0 ok  {"import.source":200}
op.app.first_run.state                          5.5 µs  200 ok  {}
op.app.reconcile                               50.6 µs  30 ok  {}
op.audit.list                                 772.1 µs  200 ok  {}
op.audit.get                                    8.6 µs  200 ok  {}
op.audit.undo                                  95.8 µs  30 ok  {}
op.workspace.create                            36.7 µs  30 ok  {}
op.workspace.discover                           3.5 µs  30 ok  {}
op.workspace.list                               2.5 µs  200 ok  {}
op.workspace.update                            23.1 µs  200 ok  {}
op.workspace.reorder                           20.3 µs  200 ok  {}
op.workspace.remove                            29.6 µs  30 ok  {}
op.project.add                                146.0 µs  30 ok  {}
op.project.clone                            20299.0 µs  6 ok  {}
op.project.list                                 3.9 µs  200 ok  {}
op.project.get                                  3.3 µs  200 ok  {}
op.project.update                              29.5 µs  200 ok  {}
op.project.reorder                             25.1 µs  200 ok  {}
op.project.remove                             451.2 µs  30 ok  {}
op.project.stats                                0.3 µs  0 ok  {"bus.not_implemented":200}
op.task.create                                 68.9 µs  200 ok  {}
op.task.get                                    12.8 µs  200 ok  {}
op.task.activity                              121.1 µs  200 ok  {}
op.task.list                                  333.0 µs  200 ok  {}
op.task.list.filtered                          85.8 µs  200 ok  {}
op.task.update                                 60.2 µs  200 ok  {}
op.task.move                                   56.5 µs  200 ok  {}
op.task.delete                                 27.5 µs  200 ok  {}
op.task.restore                                45.3 µs  200 ok  {}
op.task.link_commit                            56.5 µs  200 ok  {}
op.task.changelog.write                        45.0 µs  200 ok  {}
op.task.attach                                 77.4 µs  200 ok  {}
op.task.detach                                 41.7 µs  200 ok  {}
op.task.parent.set                             77.9 µs  200 ok  {}
op.task.children                               22.9 µs  200 ok  {}
op.task.label.add                              48.6 µs  200 ok  {}
op.task.label.remove                           52.9 µs  200 ok  {}
op.task.label.list                              7.1 µs  200 ok  {}
op.task.relate                                 72.8 µs  200 ok  {}
op.task.unrelate                               71.6 µs  200 ok  {}
op.task.dispatch                              156.1 µs  30 ok  {}
op.task.approve                                24.9 µs  0 ok  {"task.column_transition":200}
op.task.copy_text                              11.2 µs  200 ok  {}
op.module.create                               41.8 µs  200 ok  {}
op.module.get                                 505.9 µs  200 ok  {}
op.module.list                                 42.2 µs  200 ok  {}
op.module.update                               29.5 µs  200 ok  {}
op.module.complete                             27.0 µs  200 ok  {}
op.module.reopen                               25.4 µs  200 ok  {}
op.module.delete                               31.0 µs  200 ok  {}
op.module.restore                              38.2 µs  200 ok  {}
op.module.stats                                18.0 µs  200 ok  {}
op.module.changelog.draft                     390.4 µs  200 ok  {}
op.notes.list                                  17.1 µs  200 ok  {}
op.notes.get                                    6.3 µs  200 ok  {}
op.notes.create                                30.7 µs  200 ok  {}
op.notes.update                                32.5 µs  200 ok  {}
op.notes.append                                29.3 µs  200 ok  {}
op.notes.pin                                   32.1 µs  200 ok  {}
op.notes.delete                                27.4 µs  200 ok  {}
op.notes.restore                               30.3 µs  200 ok  {}
op.notes.standing                               5.4 µs  200 ok  {}
op.mailbox.send                                37.5 µs  30 ok  {}
op.mailbox.send.priority                       36.7 µs  30 ok  {}
op.mailbox.list                                37.9 µs  200 ok  {}
op.mailbox.outbox                              40.9 µs  200 ok  {}
op.mailbox.ack                                 76.2 µs  30 ok  {}
op.session.create                           26120.0 µs  30 ok  {}
op.session.spawn                             5514.9 µs  6 ok  {}
op.session.resume                             168.4 µs  0 ok  {"session.state":30}
op.session.clear_restorable                   175.7 µs  0 ok  {"session.state":200}
op.session.park                             10273.9 µs  6 ok  {}
op.session.wake                              6295.3 µs  6 ok  {}
op.session.close                            18626.9 µs  6 ok  {}
op.session.close.created                     8122.4 µs  30 ok  {}
op.session.close.keep_worktree               1677.0 µs  6 ok  {}
op.session.done                               166.0 µs  30 ok  {}
op.session.intent                              84.1 µs  200 ok  {}
op.session.claim                               79.2 µs  200 ok  {}
op.session.release                             76.6 µs  200 ok  {}
op.session.get                                  6.9 µs  200 ok  {}
op.session.list                                13.7 µs  200 ok  {}
op.session.list.all                            12.6 µs  200 ok  {}
op.session.peers                               16.1 µs  200 ok  {}
op.session.brief                              269.1 µs  200 ok  {}
op.session.bootstrap                          195.2 µs  200 ok  {}
op.session.update                             103.1 µs  30 ok  {}
op.session.report                              81.9 µs  200 ok  {}
op.session.attach                               5.9 µs  200 ok  {}
op.session.detach                               5.5 µs  200 ok  {}
op.session.input                                1.1 µs  200 ok  {}
op.session.input.paste_4k                       5.3 µs  200 ok  {}
op.session.resize                               0.5 µs  200 ok  {}
op.session.scrollback                         846.8 µs  200 ok  {}
op.session.scrollback.tail                      7.7 µs  200 ok  {}
op.session.restorable                           1.2 µs  200 ok  {}
op.session.discard_restorable                  22.5 µs  0 ok  {"session.state":200}
op.overlap.list                                 3.0 µs  200 ok  {}
op.overlap.flag                              4411.7 µs  6 ok  {}
op.overlap.ack                                132.6 µs  6 ok  {}
op.overlap.scan                              4587.9 µs  6 ok  {}
op.guardrail.gate                             150.4 µs  200 ok  {}
op.guardrail.gate.refused                     180.5 µs  0 ok  {"guardrail.protected_path":30}
op.guardrail.gate.hold                        182.5 µs  0 ok  {"guardrail.user_bypass":30}
op.guardrail.holds.list                        15.5 µs  200 ok  {}
op.guardrail.hold.get                          14.4 µs  30 ok  {}
op.guardrail.confirm                          192.6 µs  30 ok  {}
op.guardrail.reject                            61.4 µs  30 ok  {}
op.guardrail.config.get                        35.2 µs  200 ok  {}
op.guardrail.config.set                       102.0 µs  200 ok  {}
op.guardrail.check                             41.9 µs  200 ok  {}
op.guardrail.explain                          116.5 µs  200 ok  {}
op.worktree.list                             6959.9 µs  30 ok  {}
op.worktree.list.dirty                       5845.2 µs  30 ok  {}
op.worktree.create                          26634.7 µs  6 ok  {}
op.worktree.remove                           7394.9 µs  6 ok  {}
op.worktree.disk                             1814.2 µs  30 ok  {}
op.git.status                                2749.1 µs  30 ok  {}
op.git.diff                                  1593.0 µs  30 ok  {}
op.git.diff.staged                           1966.3 µs  30 ok  {}
op.git.diff.file                               85.0 µs  30 ok  {}
op.git.log                                    117.4 µs  30 ok  {}
op.git.show                                  3713.5 µs  30 ok  {}
op.git.branches                               139.9 µs  30 ok  {}
op.git.branch.create                         1591.4 µs  30 ok  {}
op.git.branch.switch                         4906.0 µs  30 ok  {}
op.git.branch.delete                         1987.1 µs  30 ok  {}
op.git.stage                                 1333.4 µs  30 ok  {}
op.git.unstage                               1546.4 µs  30 ok  {}
op.git.commit                               14167.4 µs  30 ok  {}
op.git.fetch                                 5222.5 µs  30 ok  {}
op.git.push                                 10247.7 µs  30 ok  {}
op.git.pr.list                                644.4 µs  0 ok  {"git.pr_list_failed":30}
op.git.pr.open                                721.3 µs  0 ok  {"git.pr_failed":30}
op.git.branch.clean_merged                    372.5 µs  30 ok  {}
op.git.suggest_message                       1368.3 µs  30 ok  {}
op.integration.request                        349.6 µs  6 ok  {}
op.integration.get                              7.2 µs  200 ok  {}
op.integration.list                             3.1 µs  200 ok  {}
op.integration.discard                      20125.9 µs  6 ok  {}
op.file.tree                                 1442.9 µs  30 ok  {}
op.file.tree.deep                            6394.5 µs  30 ok  {}
op.file.read                                    8.5 µs  200 ok  {}
op.file.read.1mib                             141.1 µs  30 ok  {}
op.file.write.4k                               94.5 µs  30 ok  {}
op.file.write.1mib                           6303.3 µs  30 ok  {}
op.file.create                                 74.4 µs  200 ok  {}
op.file.rename                                139.1 µs  200 ok  {}
op.file.move                                  130.9 µs  200 ok  {}
op.file.delete                                 78.2 µs  200 ok  {}
op.file.restore                                34.6 µs  200 ok  {}
op.file.restore_head                         1377.4 µs  30 ok  {}
op.file.import                                107.0 µs  200 ok  {}
op.file.search                               4612.6 µs  30 ok  {}
op.file.search.regex                          921.4 µs  30 ok  {}
op.device.list                                653.6 µs  0 ok  {"device.adb_failed":30}
op.device.watch                                 1.8 µs  30 ok  {}
op.device.mirror.start                        685.0 µs  0 ok  {"device.adb_failed":30}
op.device.mirror.stop                          16.0 µs  0 ok  {"device.mirror_not_found":200}
op.device.mirror.input                          0.9 µs  0 ok  {"device.mirror_not_found":200}
op.device.run                                 694.4 µs  0 ok  {"device.adb_failed":30}
op.device.build                                25.4 µs  0 ok  {"device.gradle_missing":30}
op.device.signing.get                           4.5 µs  200 ok  {}
op.device.signing.create                        8.2 µs  0 ok  {"device.signing_exists":30}
op.device.signing.set_enabled                  30.6 µs  200 ok  {}
op.device.run.stop                             17.2 µs  0 ok  {"device.run_not_found":200}
op.device.run.list                              3.0 µs  200 ok  {}
op.avd.list                                   659.3 µs  0 ok  {"avd.list_failed":30}
op.avd.catalog                                646.2 µs  30 ok  {}
op.avd.create                                 698.0 µs  0 ok  {"avd.create_failed":30}
op.avd.boot                                   699.3 µs  0 ok  {"avd.list_failed":30}
op.avd.stop                                   689.6 µs  0 ok  {"device.adb_failed":30}
op.provider.list                               19.9 µs  200 ok  {}
op.provider.refresh                          1483.1 µs  6 ok  {}
op.provider.update                             20.8 µs  30 ok  {}
op.usage.get                                    1.2 µs  30 ok  {}
op.usage.report                                62.5 µs  200 ok  {}
op.skill.list                                   9.2 µs  200 ok  {}
op.skill.create                                58.9 µs  30 ok  {}
op.skill.update                                45.6 µs  30 ok  {}
op.skill.delete                                39.1 µs  30 ok  {}
op.skill.enable                                60.4 µs  30 ok  {}
op.skill.install                                1.3 µs  0 ok  {"skill.github_url":6}
op.github.status                              637.8 µs  30 ok  {}
op.github.connect                              14.8 µs  30 ok  {}
op.github.repo.list                           632.0 µs  0 ok  {"github.not_connected":30}
op.plugin.list                                 21.5 µs  200 ok  {}
op.notify.list                                  9.6 µs  200 ok  {}
op.notify.ack                                  12.1 µs  200 ok  {}
op.notify.ack_all                               4.8 µs  200 ok  {}
op.notify.settings.get                         15.0 µs  200 ok  {}
op.notify.settings.set                         46.0 µs  200 ok  {}
op.settings.get                                16.9 µs  200 ok  {}
op.settings.get.path                           15.7 µs  200 ok  {}
op.settings.set                                60.1 µs  200 ok  {}
op.settings.reset                              54.5 µs  200 ok  {}
op.dashboard.get                              127.2 µs  200 ok  {}
op.ui.state                                     1.2 µs  200 ok  {}
op.ui.page.switch                               4.4 µs  200 ok  {}
op.ui.pane.open                                85.8 µs  200 ok  {}
op.ui.pane.close                                0.9 µs  0 ok  {"ui.pane_not_found":200}
op.ui.pane.focus                                0.9 µs  0 ok  {"ui.pane_not_found":200}
op.ui.pane.move                                 1.0 µs  0 ok  {"ui.pane_not_found":200}
op.ui.layout.list                               3.3 µs  200 ok  {}
op.ui.layout.save                              26.5 µs  200 ok  {}
op.ui.layout.apply                              5.5 µs  200 ok  {}
op.ui.layout.delete                            20.8 µs  200 ok  {}
op.ui.window.popout                             0.9 µs  0 ok  {"ui.pane_not_found":200}
op.ui.window.close                              0.8 µs  0 ok  {"ui.window_not_found":200}
op.ui.window.list                              13.8 µs  200 ok  {}
op.ui.toast                                     1.5 µs  200 ok  {}
op.os.reveal                                   46.1 µs  200 ok  {}
op.os.open_url                                 48.0 µs  200 ok  {}
path.store.open_fresh                        5057.9 µs  30 ok  {}
path.store.open_existing                      164.0 µs  30 ok  {}
path.engine.new                              4637.1 µs  30 ok  {}
path.engine.startup                          4562.5 µs  30 ok  {}
path.recovery.run                            3805.6 µs  30 ok  {}
path.skills.refresh_all                       252.4 µs  30 ok  {}
path.request.parse_8k                           2.1 µs  200 ok  {}
path.response.serialize.session_list            2.8 µs  200 ok  {}
path.socket.ping                               14.6 µs  200 ok  {}
path.socket.bus.subscribe                       9.0 µs  200 ok  {}
path.socket.bus.unsubscribe                     6.4 µs  200 ok  {}
path.socket.session_list                       45.0 µs  200 ok  {}
path.socket.task_list                         739.9 µs  200 ok  {}
path.socket.keystroke                           7.1 µs  200 ok  {}
path.socket.connect                            23.6 µs  30 ok  {}
path.event.roundtrip                           92.9 µs  200 ok  {}
path.pty.burst_1mib                         37644.2 µs  6 ok  {}
path.pty.attach_catchup                        61.3 µs  30 ok  {}
path.pty.time_to_first_output                8114.5 µs  6 ok  {}
path.session.lifecycle                      53706.3 µs  6 ok  {}
path.keystroke.during_overlap_scan             10.0 µs  30 ok  {}  30/30 beside the other op
path.keystroke.during_file_search              10.5 µs  30 ok  {}  30/30 beside the other op
path.session_list.during_overlap_scan          60.8 µs  30 ok  {}  30/30 beside the other op
path.session_list.during_file_search           55.7 µs  30 ok  {}  30/30 beside the other op
path.session_list.during_git_status            48.9 µs  30 ok  {}  30/30 beside the other op
path.scrollback_tail.during_overlap_scan       40.6 µs  30 ok  {}  29/30 beside the other op
path.session_list.during_session_spawn        313.0 µs  6 ok  {}  6/6 beside the other op
path.session_list.during_session_close        125.7 µs  6 ok  {}  6/6 beside the other op
path.session_list.during_session_close_keep       60.2 µs  6 ok  {}  6/6 beside the other op
path.keystroke.during_busy_thread              24.1 µs  30 ok  {}  30/30 beside the other op
path.worktree.dir_size                        223.2 µs  30 ok  {}
path.worktree.status_files                   1345.5 µs  30 ok  {}
path.guardrail.config_load                     31.2 µs  200 ok  {}
host tool calls answered by the fixture's stand-ins: {"adb": 133, "avdmanager": 64, "emulator": 64, "gh": 192, "xdg-open": 404}
