op.bus.ping                                     1.2 µs  50 ok  {}
op.bus.schema                                 113.9 µs  50 ok  {}
op.bus.schema.whole                          2049.7 µs  7 ok  {}
op.bus.ops                                    342.1 µs  50 ok  {}
op.bus.whoami                                 947.7 µs  50 ok  {}
op.app.version                                  8.2 µs  50 ok  {}
op.app.status                                  52.5 µs  50 ok  {}
op.app.resources.get                          456.2 µs  50 ok  {}
op.app.resources.watch                          1.0 µs  7 ok  {}
op.app.recovery.last                           11.8 µs  50 ok  {}
op.app.log.tail                                 1.1 µs  0 ok  {"bus.not_implemented":50}
op.app.backup.now                            2266.2 µs  1 ok  {}
op.app.backup.list                             58.7 µs  7 ok  {}
op.app.import.v3                              361.8 µs  0 ok  {"import.source":50}
op.app.first_run.state                         21.5 µs  50 ok  {}
op.app.reconcile                              267.9 µs  7 ok  {}
op.audit.list                                 821.8 µs  50 ok  {}
op.audit.get                                   23.1 µs  50 ok  {}
op.audit.undo                                 412.5 µs  7 ok  {}
op.workspace.create                           252.2 µs  7 ok  {}
op.workspace.discover                          89.0 µs  7 ok  {}
op.workspace.list                              16.6 µs  50 ok  {}
op.workspace.update                           222.3 µs  50 ok  {}
op.workspace.reorder                          238.4 µs  50 ok  {}
op.workspace.remove                           260.2 µs  7 ok  {}
op.project.add                                568.7 µs  7 ok  {}
op.project.clone                           272063.7 µs  1 ok  {}
op.project.list                                24.2 µs  50 ok  {}
op.project.get                                 17.0 µs  50 ok  {}
op.project.update                             299.6 µs  50 ok  {}
op.project.reorder                            277.4 µs  50 ok  {}
op.project.remove                            2847.5 µs  7 ok  {}
op.project.stats                                0.5 µs  0 ok  {"bus.not_implemented":50}
op.task.create                                524.3 µs  50 ok  {}
op.task.get                                    27.5 µs  50 ok  {}
op.task.activity                              155.5 µs  50 ok  {}
op.task.list                                  370.6 µs  50 ok  {}
op.task.list.filtered                         103.6 µs  50 ok  {}
op.task.update                                347.9 µs  50 ok  {}
op.task.move                                  339.7 µs  50 ok  {}
op.task.delete                                254.3 µs  50 ok  {}
op.task.restore                               281.8 µs  50 ok  {}
op.task.link_commit                           315.5 µs  50 ok  {}
op.task.changelog.write                       264.5 µs  50 ok  {}
op.task.attach                                462.7 µs  50 ok  {}
op.task.detach                                279.9 µs  50 ok  {}
op.task.parent.set                            444.7 µs  50 ok  {}
op.task.children                               39.6 µs  50 ok  {}
op.task.label.add                             352.3 µs  50 ok  {}
op.task.label.remove                          368.5 µs  50 ok  {}
op.task.label.list                             19.2 µs  50 ok  {}
op.task.relate                                448.8 µs  50 ok  {}
op.task.unrelate                              390.2 µs  50 ok  {}
op.task.dispatch                              706.9 µs  7 ok  {}
op.task.approve                               265.9 µs  0 ok  {"task.column_transition":50}
op.task.copy_text                              31.1 µs  50 ok  {}
op.module.create                              298.7 µs  50 ok  {}
op.module.get                                 578.2 µs  50 ok  {}
op.module.list                                 64.9 µs  50 ok  {}
op.module.update                              236.7 µs  50 ok  {}
op.module.complete                            244.0 µs  50 ok  {}
op.module.reopen                              259.7 µs  50 ok  {}
op.module.delete                              259.7 µs  50 ok  {}
op.module.restore                             310.4 µs  50 ok  {}
op.module.stats                                42.7 µs  50 ok  {}
op.module.changelog.draft                     432.1 µs  50 ok  {}
op.notes.list                                  29.5 µs  50 ok  {}
op.notes.get                                   17.4 µs  50 ok  {}
op.notes.create                               269.9 µs  50 ok  {}
op.notes.update                               302.0 µs  50 ok  {}
op.notes.append                               324.1 µs  50 ok  {}
op.notes.pin                                  346.3 µs  50 ok  {}
op.notes.delete                               256.8 µs  50 ok  {}
op.notes.restore                              278.1 µs  50 ok  {}
op.notes.standing                              20.5 µs  50 ok  {}
op.mailbox.send                               402.4 µs  7 ok  {}
op.mailbox.send.priority                      412.7 µs  7 ok  {}
op.mailbox.list                                52.6 µs  50 ok  {}
op.mailbox.outbox                              51.9 µs  50 ok  {}
op.mailbox.ack                                389.4 µs  7 ok  {}
op.session.create                          174235.6 µs  7 ok  {}
op.session.spawn                            22310.1 µs  1 ok  {}
op.session.resume                            1822.0 µs  0 ok  {"session.state":7}
op.session.clear_restorable                  2104.8 µs  0 ok  {"session.state":50}
op.session.park                             10562.6 µs  1 ok  {}
op.session.wake                             26429.4 µs  1 ok  {}
op.session.close                            78078.2 µs  1 ok  {}
op.session.close.created                    60076.1 µs  7 ok  {}
op.session.close.keep_worktree              11620.7 µs  1 ok  {}
op.session.done                               677.3 µs  7 ok  {}
op.session.intent                             413.4 µs  50 ok  {}
op.session.claim                              469.5 µs  50 ok  {}
op.session.release                            683.3 µs  50 ok  {}
op.session.get                                 19.4 µs  50 ok  {}
op.session.list                                26.1 µs  50 ok  {}
op.session.list.all                            35.7 µs  50 ok  {}
op.session.peers                               33.1 µs  50 ok  {}
op.session.brief                             3254.5 µs  50 ok  {}
op.session.bootstrap                         1447.0 µs  50 ok  {}
op.session.update                             309.5 µs  7 ok  {}
op.session.report                             431.8 µs  50 ok  {}
op.session.attach                              18.3 µs  50 ok  {}
op.session.detach                              17.8 µs  50 ok  {}
op.session.input                                7.0 µs  50 ok  {}
op.session.input.paste_4k                      18.9 µs  50 ok  {}
op.session.resize                               6.5 µs  50 ok  {}
op.session.scrollback                         156.6 µs  50 ok  {}
op.session.scrollback.tail                     21.4 µs  50 ok  {}
op.session.restorable                          13.7 µs  50 ok  {}
op.session.discard_restorable                 219.9 µs  0 ok  {"session.state":50}
op.overlap.list                                14.1 µs  50 ok  {}
op.overlap.flag                             35533.1 µs  1 ok  {}
op.overlap.ack                                589.3 µs  1 ok  {}
op.overlap.scan                             31431.5 µs  1 ok  {}
op.guardrail.gate                             511.7 µs  50 ok  {}
op.guardrail.gate.refused                     998.9 µs  0 ok  {"guardrail.protected_path":7}
op.guardrail.gate.hold                       1140.7 µs  0 ok  {"guardrail.user_bypass":7}
op.guardrail.holds.list                        26.6 µs  50 ok  {}
op.guardrail.hold.get                          63.3 µs  7 ok  {}
op.guardrail.confirm                         1025.8 µs  7 ok  {}
op.guardrail.reject                           439.7 µs  7 ok  {}
op.guardrail.config.get                        84.1 µs  50 ok  {}
op.guardrail.config.set                       437.9 µs  50 ok  {}
op.guardrail.check                             97.8 µs  50 ok  {}
op.guardrail.explain                          958.2 µs  50 ok  {}
op.worktree.list                            52541.5 µs  7 ok  {}
op.worktree.list.dirty                      53988.5 µs  7 ok  {}
op.worktree.create                         175818.6 µs  1 ok  {}
op.worktree.remove                          51024.7 µs  1 ok  {}
op.worktree.disk                            50676.1 µs  7 ok  {}
op.git.status                               16981.3 µs  7 ok  {}
op.git.diff                                 17242.5 µs  7 ok  {}
op.git.diff.staged                          17572.6 µs  7 ok  {}
op.git.diff.file                             1139.7 µs  7 ok  {}
op.git.log                                   1087.6 µs  7 ok  {}
op.git.show                                  4810.9 µs  7 ok  {}
op.git.branches                              2345.5 µs  7 ok  {}
op.git.branch.create                         9286.4 µs  7 ok  {}
op.git.branch.switch                        36213.0 µs  7 ok  {}
op.git.branch.delete                        13792.1 µs  7 ok  {}
op.git.stage                                 5742.5 µs  7 ok  {}
op.git.unstage                              13116.5 µs  7 ok  {}
op.git.commit                               53221.2 µs  7 ok  {}
op.git.fetch                                17368.5 µs  7 ok  {}
op.git.push                                 33154.9 µs  7 ok  {}
op.git.pr.list                               3006.7 µs  0 ok  {"git.pr_list_failed":7}
op.git.pr.open                               3603.5 µs  0 ok  {"git.pr_failed":7}
op.git.branch.clean_merged                   6060.0 µs  7 ok  {}
op.git.suggest_message                      16225.7 µs  7 ok  {}
op.integration.request                       1126.6 µs  1 ok  {}
op.integration.get                             41.2 µs  50 ok  {}
op.integration.list                            15.2 µs  50 ok  {}
op.integration.discard                     161513.5 µs  1 ok  {}
op.file.tree                                16431.5 µs  7 ok  {}
op.file.tree.deep                           45133.5 µs  7 ok  {}
op.file.read                                  204.2 µs  50 ok  {}
op.file.read.1mib                             390.7 µs  7 ok  {}
op.file.write.4k                              760.3 µs  7 ok  {}
op.file.write.1mib                           6704.6 µs  7 ok  {}
op.file.create                                603.7 µs  50 ok  {}
op.file.rename                                653.1 µs  50 ok  {}
op.file.move                                  974.1 µs  50 ok  {}
op.file.delete                                644.1 µs  50 ok  {}
op.file.restore                               470.8 µs  50 ok  {}
op.file.restore_head                         6342.8 µs  7 ok  {}
op.file.import                                848.8 µs  50 ok  {}
op.file.search                             103389.3 µs  7 ok  {}
op.file.search.regex                        15144.0 µs  7 ok  {}
op.device.list                               2988.9 µs  0 ok  {"device.adb_failed":7}
op.device.watch                                24.8 µs  7 ok  {}
op.device.mirror.start                       3215.4 µs  0 ok  {"device.adb_failed":7}
op.device.mirror.stop                         193.8 µs  0 ok  {"device.mirror_not_found":50}
op.device.mirror.input                          1.1 µs  0 ok  {"device.mirror_not_found":50}
op.device.run                                3188.6 µs  0 ok  {"device.adb_failed":7}
op.device.build                               411.1 µs  0 ok  {"device.gradle_missing":7}
op.device.signing.get                          23.2 µs  50 ok  {}
op.device.signing.create                      164.5 µs  0 ok  {"device.signing_exists":7}
op.device.signing.set_enabled                 401.7 µs  50 ok  {}
op.device.run.stop                            252.2 µs  0 ok  {"device.run_not_found":50}
op.device.run.list                             17.6 µs  50 ok  {}
op.avd.list                                  3042.5 µs  0 ok  {"avd.list_failed":7}
op.avd.catalog                               3030.7 µs  7 ok  {}
op.avd.create                                3253.2 µs  0 ok  {"avd.create_failed":7}
op.avd.boot                                  3489.9 µs  0 ok  {"avd.list_failed":7}
op.avd.stop                                  3265.0 µs  0 ok  {"device.adb_failed":7}
op.provider.list                               97.3 µs  50 ok  {}
op.provider.refresh                          4070.4 µs  1 ok  {}
op.provider.update                            320.4 µs  7 ok  {}
op.usage.get                                   18.2 µs  7 ok  {}
op.usage.report                               221.4 µs  50 ok  {}
op.skill.list                                  22.6 µs  50 ok  {}
op.skill.create                               654.2 µs  7 ok  {}
op.skill.update                               494.8 µs  7 ok  {}
op.skill.delete                               446.0 µs  7 ok  {}
op.skill.enable                               720.8 µs  7 ok  {}
op.skill.install                               34.4 µs  0 ok  {"skill.github_url":1}
op.github.status                             2928.1 µs  7 ok  {}
op.github.connect                             152.8 µs  7 ok  {}
op.github.repo.list                          2933.9 µs  0 ok  {"github.not_connected":7}
op.plugin.list                                130.7 µs  50 ok  {}
op.notify.list                                 18.7 µs  50 ok  {}
op.notify.ack                                 105.2 µs  50 ok  {}
op.notify.ack_all                              42.3 µs  50 ok  {}
op.notify.settings.get                         24.2 µs  50 ok  {}
op.notify.settings.set                        245.3 µs  50 ok  {}
op.settings.get                                31.8 µs  50 ok  {}
op.settings.get.path                           29.9 µs  50 ok  {}
op.settings.set                               289.8 µs  50 ok  {}
op.settings.reset                             342.5 µs  50 ok  {}
op.dashboard.get                              636.4 µs  50 ok  {}
op.ui.state                                     1.4 µs  50 ok  {}
op.ui.page.switch                              16.1 µs  50 ok  {}
op.ui.pane.open                                32.9 µs  50 ok  {}
op.ui.pane.close                                0.9 µs  0 ok  {"ui.pane_not_found":50}
op.ui.pane.focus                                0.9 µs  0 ok  {"ui.pane_not_found":50}
op.ui.pane.move                                 1.2 µs  0 ok  {"ui.pane_not_found":50}
op.ui.layout.list                              16.0 µs  50 ok  {}
op.ui.layout.save                             281.6 µs  50 ok  {}
op.ui.layout.apply                             23.4 µs  50 ok  {}
op.ui.layout.delete                           277.5 µs  50 ok  {}
op.ui.window.popout                             0.9 µs  0 ok  {"ui.pane_not_found":50}
op.ui.window.close                              1.0 µs  0 ok  {"ui.window_not_found":50}
op.ui.window.list                               4.6 µs  50 ok  {}
op.ui.toast                                     2.2 µs  50 ok  {}
op.os.reveal                                  275.8 µs  50 ok  {}
op.os.open_url                                262.7 µs  50 ok  {}
path.store.open_fresh                       12296.3 µs  7 ok  {}
path.store.open_existing                      477.5 µs  7 ok  {}
path.engine.new                              4736.0 µs  7 ok  {}
path.engine.startup                         29047.6 µs  7 ok  {}
path.recovery.run                           21729.6 µs  7 ok  {}
path.skills.refresh_all                      5101.0 µs  7 ok  {}
path.request.parse_8k                           2.8 µs  50 ok  {}
path.response.serialize.session_list            3.1 µs  50 ok  {}
path.socket.ping                               71.6 µs  50 ok  {}
path.socket.bus.subscribe                      68.2 µs  50 ok  {}
path.socket.bus.unsubscribe                    71.2 µs  50 ok  {}
path.socket.session_list                      137.9 µs  50 ok  {}
path.socket.task_list                         879.9 µs  50 ok  {}
path.socket.keystroke                          74.8 µs  50 ok  {}
path.socket.connect                           317.4 µs  7 ok  {}
path.event.roundtrip                          501.8 µs  50 ok  {}
path.pty.burst_1mib                        116592.8 µs  1 ok  {}
path.pty.attach_catchup                        75.1 µs  7 ok  {}
path.pty.time_to_first_output               32021.9 µs  1 ok  {}
path.session.lifecycle                     284182.6 µs  1 ok  {}
path.keystroke.during_overlap_scan             17.7 µs  7 ok  {}  7/7 beside the other op
path.keystroke.during_file_search              29.5 µs  7 ok  {}  7/7 beside the other op
path.session_list.during_overlap_scan          92.1 µs  7 ok  {}  7/7 beside the other op
path.session_list.during_file_search          122.0 µs  7 ok  {}  7/7 beside the other op
path.session_list.during_git_status            96.6 µs  7 ok  {}  7/7 beside the other op
path.scrollback_tail.during_overlap_scan       60.2 µs  7 ok  {}  7/7 beside the other op
path.session_list.during_session_spawn        292.3 µs  1 ok  {}  1/1 beside the other op
path.session_list.during_session_close         81.2 µs  1 ok  {}  1/1 beside the other op
path.session_list.during_session_close_keep      134.7 µs  1 ok  {}  1/1 beside the other op
path.keystroke.during_busy_thread              36.2 µs  7 ok  {}  7/7 beside the other op
path.worktree.dir_size                       8470.6 µs  7 ok  {}
path.worktree.status_files                  15642.2 µs  7 ok  {}
path.guardrail.config_load                     59.1 µs  50 ok  {}
host tool calls answered by the fixture's stand-ins: {"adb": 41, "avdmanager": 18, "emulator": 18, "gh": 54, "xdg-open": 104}
