op.bus.ping                                     2.9 µs  200 ok  {}
op.bus.schema                                 257.5 µs  200 ok  {}
op.bus.schema.whole                          9723.8 µs  30 ok  {}
op.bus.ops                                   1034.6 µs  200 ok  {}
op.bus.whoami                                 409.3 µs  200 ok  {}
op.app.version                                  3.4 µs  200 ok  {}
op.app.status                                  55.7 µs  200 ok  {}
op.app.resources.get                          119.3 µs  200 ok  {}
op.app.resources.watch                          1.7 µs  30 ok  {}
op.app.recovery.last                            5.7 µs  200 ok  {}
op.app.log.tail                                 2.0 µs  200 ok  {}
op.app.backup.now                            2918.1 µs  6 ok  {}
op.app.backup.list                             20.8 µs  30 ok  {}
op.app.import.v3                               56.3 µs  0 ok  {"import.source":200}
op.app.first_run.state                         14.9 µs  200 ok  {}
op.app.reconcile                               46.8 µs  30 ok  {}
op.audit.list                                1173.3 µs  200 ok  {}
op.audit.get                                   20.9 µs  200 ok  {}
op.audit.undo                                 445.7 µs  30 ok  {}
op.workspace.create                           129.4 µs  30 ok  {}
op.workspace.discover                          12.4 µs  30 ok  {}
op.workspace.list                               7.8 µs  200 ok  {}
op.workspace.update                            74.6 µs  200 ok  {}
op.workspace.remove                            81.5 µs  30 ok  {}
op.project.add                                545.1 µs  30 ok  {}
op.project.clone                           262590.2 µs  6 ok  {}
op.project.list                                11.2 µs  200 ok  {}
op.project.get                                  9.8 µs  200 ok  {}
op.project.update                              84.8 µs  200 ok  {}
op.project.remove                             567.9 µs  30 ok  {}
op.project.stats                                0.6 µs  0 ok  {"bus.not_implemented":200}
op.task.create                                350.4 µs  200 ok  {}
op.task.get                                    76.6 µs  200 ok  {}
op.task.activity                             2627.2 µs  200 ok  {}
op.task.list                                 2423.6 µs  200 ok  {}
op.task.list.filtered                         550.1 µs  200 ok  {}
op.task.update                                312.9 µs  200 ok  {}
op.task.move                                  297.5 µs  200 ok  {}
op.task.delete                                164.5 µs  200 ok  {}
op.task.restore                               262.2 µs  200 ok  {}
op.task.link_commit                           293.9 µs  200 ok  {}
op.task.changelog.write                       252.8 µs  200 ok  {}
op.task.attach                                382.8 µs  200 ok  {}
op.task.detach                                249.4 µs  200 ok  {}
op.task.parent.set                            479.3 µs  200 ok  {}
op.task.children                              161.6 µs  200 ok  {}
op.task.label.add                             291.1 µs  200 ok  {}
op.task.label.remove                          287.2 µs  200 ok  {}
op.task.label.list                             41.2 µs  200 ok  {}
op.task.relate                                434.5 µs  200 ok  {}
op.task.unrelate                              439.7 µs  200 ok  {}
op.task.dispatch                              692.5 µs  30 ok  {}
op.task.approve                               143.5 µs  0 ok  {"task.column_transition":200}
op.task.copy_text                              70.2 µs  200 ok  {}
op.module.create                              121.3 µs  200 ok  {}
op.module.get                                2929.9 µs  200 ok  {}
op.module.list                                123.7 µs  200 ok  {}
op.module.update                              104.5 µs  200 ok  {}
op.module.complete                            100.0 µs  200 ok  {}
op.module.reopen                               98.8 µs  200 ok  {}
op.module.delete                              122.6 µs  200 ok  {}
op.module.restore                             134.1 µs  200 ok  {}
op.module.stats                                50.3 µs  200 ok  {}
op.module.changelog.draft                    2558.1 µs  200 ok  {}
op.notes.list                                  55.6 µs  200 ok  {}
op.notes.get                                   16.3 µs  200 ok  {}
op.notes.create                               108.7 µs  200 ok  {}
op.notes.update                               112.7 µs  200 ok  {}
op.notes.append                               108.0 µs  200 ok  {}
op.notes.pin                                  100.1 µs  200 ok  {}
op.notes.delete                                95.6 µs  200 ok  {}
op.notes.restore                              108.5 µs  200 ok  {}
op.notes.standing                              14.3 µs  200 ok  {}
op.mailbox.send                               141.2 µs  30 ok  {}
op.mailbox.send.priority                      127.5 µs  30 ok  {}
op.mailbox.list                               347.6 µs  200 ok  {}
op.mailbox.outbox                             638.9 µs  200 ok  {}
op.mailbox.ack                                208.3 µs  30 ok  {}
op.session.create                          263627.1 µs  30 ok  {}
op.session.spawn                            22727.8 µs  6 ok  {}
op.session.resume                              69.0 µs  0 ok  {"session.state":30}
op.session.clear_restorable                    69.1 µs  0 ok  {"session.state":200}
op.session.park                             10457.7 µs  6 ok  {}
op.session.wake                             13696.0 µs  6 ok  {}
op.session.close                            36102.1 µs  6 ok  {}
op.session.close.created                    24307.1 µs  30 ok  {}
op.session.done                               637.7 µs  30 ok  {}
op.session.intent                             210.4 µs  200 ok  {}
op.session.claim                              202.8 µs  200 ok  {}
op.session.release                            179.9 µs  200 ok  {}
op.session.get                                 17.8 µs  200 ok  {}
op.session.list                                39.0 µs  200 ok  {}
op.session.list.all                          1268.1 µs  200 ok  {}
op.session.peers                               38.7 µs  200 ok  {}
op.session.brief                              704.4 µs  200 ok  {}
op.session.bootstrap                          561.2 µs  200 ok  {}
op.session.update                             226.1 µs  30 ok  {}
op.session.report                             210.3 µs  200 ok  {}
op.session.attach                              11.4 µs  200 ok  {}
op.session.detach                              11.2 µs  200 ok  {}
op.session.input                               16.3 µs  200 ok  {}
op.session.input.paste_4k                      11.6 µs  200 ok  {}
op.session.resize                               1.7 µs  200 ok  {}
op.session.scrollback                        3419.7 µs  200 ok  {}
op.session.scrollback.tail                     17.1 µs  200 ok  {}
op.session.restorable                          11.4 µs  200 ok  {}
op.session.discard_restorable                  66.9 µs  0 ok  {"session.state":200}
op.overlap.list                                 7.3 µs  200 ok  {}
op.overlap.flag                             31291.1 µs  6 ok  {}
op.overlap.ack                                568.0 µs  6 ok  {}
op.overlap.scan                             30157.2 µs  6 ok  {}
op.guardrail.gate                             196.2 µs  200 ok  {}
op.guardrail.gate.refused                     231.4 µs  0 ok  {"guardrail.protected_path":30}
op.guardrail.gate.hold                        189.9 µs  0 ok  {"guardrail.user_bypass":30}
op.guardrail.holds.list                        32.4 µs  200 ok  {}
op.guardrail.hold.get                          49.0 µs  30 ok  {}
op.guardrail.confirm                          278.1 µs  30 ok  {}
op.guardrail.reject                           201.0 µs  30 ok  {}
op.guardrail.config.get                        43.3 µs  200 ok  {}
op.guardrail.config.set                       223.8 µs  200 ok  {}
op.guardrail.check                             51.8 µs  200 ok  {}
op.guardrail.explain                          396.7 µs  200 ok  {}
op.worktree.list                            17645.1 µs  30 ok  {}
op.worktree.list.dirty                      17588.2 µs  30 ok  {}
op.worktree.create                         635094.2 µs  6 ok  {}
op.worktree.remove                          19927.4 µs  6 ok  {}
op.worktree.disk                             5134.9 µs  30 ok  {}
op.git.status                               11245.1 µs  30 ok  {}
op.git.diff                                  6411.8 µs  30 ok  {}
op.git.diff.staged                          10728.9 µs  30 ok  {}
op.git.diff.file                              782.5 µs  30 ok  {}
op.git.log                                   1011.8 µs  30 ok  {}
op.git.log.graph                             1013.3 µs  30 ok  {}
op.git.show                                  7366.5 µs  30 ok  {}
op.git.branches                             10005.0 µs  30 ok  {}
op.git.branch.create                         7577.7 µs  30 ok  {}
op.git.branch.switch                        19313.5 µs  30 ok  {}
op.git.branch.delete                        19463.0 µs  30 ok  {}
op.git.stage                                 4086.5 µs  30 ok  {}
op.git.unstage                               5797.8 µs  30 ok  {}
op.git.commit                               29069.6 µs  30 ok  {}
op.git.fetch                                25830.8 µs  30 ok  {}
op.git.push                                 36470.6 µs  30 ok  {}
op.git.pr.list                                 17.4 µs  0 ok  {"github.gh_missing":30}
op.git.pr.open                                429.3 µs  0 ok  {"github.gh_missing":30}
op.git.branch.clean_merged                 520454.0 µs  30 ok  {}
op.git.suggest_message                      10848.7 µs  30 ok  {}
op.integration.request                        762.6 µs  6 ok  {}
op.integration.get                             19.6 µs  200 ok  {}
op.integration.list                            49.5 µs  200 ok  {}
op.integration.discard                        188.6 µs  6 ok  {}
op.file.tree                                11238.0 µs  30 ok  {}
op.file.tree.deep                           21912.6 µs  30 ok  {}
op.file.read                                  323.8 µs  200 ok  {}
op.file.read.1mib                            1270.4 µs  30 ok  {}
op.file.write.4k                              832.0 µs  30 ok  {}
op.file.write.1mib                          17711.2 µs  30 ok  {}
op.file.create                                564.2 µs  200 ok  {}
op.file.rename                                633.4 µs  200 ok  {}
op.file.move                                  653.7 µs  200 ok  {}
op.file.delete                                695.9 µs  200 ok  {}
op.file.restore                               192.8 µs  200 ok  {}
op.file.restore_head                         4382.6 µs  30 ok  {}
op.file.import                                597.3 µs  200 ok  {}
op.file.search                              60423.6 µs  30 ok  {}
op.file.search.regex                        22438.8 µs  30 ok  {}
op.device.list                                 17.0 µs  0 ok  {"device.adb_missing":30}
op.device.watch                                18.1 µs  0 ok  {"device.adb_missing":30}
op.device.mirror.start                         97.0 µs  0 ok  {"device.adb_missing":30}
op.device.mirror.stop                          53.3 µs  0 ok  {"device.mirror_not_found":200}
op.device.mirror.input                          3.0 µs  0 ok  {"device.mirror_not_found":200}
op.device.run                                  80.7 µs  0 ok  {"device.adb_missing":30}
op.device.build                            133084.7 µs  0 ok  {"device.gradle_missing":30}
op.device.signing.get                          10.1 µs  200 ok  {}
op.device.signing.create                       13.2 µs  0 ok  {"device.signing_exists":30}
op.device.signing.set_enabled                 534.6 µs  200 ok  {}
op.device.run.stop                             65.9 µs  0 ok  {"device.run_not_found":200}
op.device.run.list                              7.2 µs  200 ok  {}
op.avd.list                                    40.2 µs  0 ok  {"avd.tool_missing":30}
op.avd.catalog                                 24.0 µs  0 ok  {"avd.sdk_missing":30}
op.avd.create                                  97.5 µs  0 ok  {"avd.tool_missing":30}
op.avd.boot                                   106.1 µs  0 ok  {"avd.tool_missing":30}
op.provider.list                               55.5 µs  200 ok  {}
op.provider.refresh                          3512.0 µs  6 ok  {}
op.provider.update                             66.2 µs  30 ok  {}
op.usage.get                                   12.8 µs  30 ok  {}
op.usage.report                               124.3 µs  200 ok  {}
op.skill.list                                  20.3 µs  200 ok  {}
op.skill.create                               369.4 µs  30 ok  {}
op.skill.update                               306.1 µs  30 ok  {}
op.skill.delete                               242.1 µs  30 ok  {}
op.skill.enable                               366.5 µs  30 ok  {}
op.skill.install                                6.9 µs  0 ok  {"skill.github_url":6}
op.github.status                               14.6 µs  30 ok  {}
op.github.connect                              13.7 µs  0 ok  {"github.gh_missing":30}
op.github.repo.list                            13.0 µs  0 ok  {"github.gh_missing":30}
op.plugin.list                                  1.9 µs  200 ok  {}
op.notify.list                                779.5 µs  200 ok  {}
op.notify.ack                                  33.0 µs  200 ok  {}
op.notify.ack_all                              25.7 µs  200 ok  {}
op.notify.settings.get                         39.7 µs  200 ok  {}
op.notify.settings.set                        167.4 µs  200 ok  {}
op.settings.get                                43.3 µs  200 ok  {}
op.settings.get.path                           43.8 µs  200 ok  {}
op.settings.set                               184.5 µs  200 ok  {}
op.settings.reset                             177.4 µs  200 ok  {}
op.dashboard.get                             1096.0 µs  200 ok  {}
op.ui.state                                     3.7 µs  200 ok  {}
op.ui.page.switch                               8.6 µs  200 ok  {}
op.ui.pane.open                               151.9 µs  200 ok  {}
op.ui.pane.close                                1.9 µs  0 ok  {"ui.pane_not_found":200}
op.ui.pane.focus                                1.9 µs  0 ok  {"ui.pane_not_found":200}
op.ui.pane.move                                 2.3 µs  0 ok  {"ui.pane_not_found":200}
op.ui.layout.list                               8.2 µs  200 ok  {}
op.ui.layout.save                              99.7 µs  200 ok  {}
op.ui.layout.apply                             13.2 µs  200 ok  {}
op.ui.layout.delete                            81.5 µs  200 ok  {}
op.ui.window.popout                             1.9 µs  0 ok  {"ui.pane_not_found":200}
op.ui.window.close                              1.8 µs  0 ok  {"ui.window_not_found":200}
op.ui.window.list                              43.1 µs  200 ok  {}
op.ui.toast                                     2.4 µs  200 ok  {}
op.os.reveal                                  127.8 µs  200 ok  {}
op.os.open_url                                129.9 µs  200 ok  {}
path.store.open_fresh                       16282.6 µs  30 ok  {}
path.store.open_existing                      409.8 µs  30 ok  {}
path.engine.new                              9758.3 µs  30 ok  {}
path.engine.startup                        161414.7 µs  30 ok  {}
path.recovery.run                          157099.4 µs  30 ok  {}
path.skills.refresh_all                      1641.6 µs  30 ok  {}
path.request.parse_8k                          10.3 µs  200 ok  {}
path.response.serialize.session_list            6.1 µs  200 ok  {}
path.socket.ping                              167.9 µs  200 ok  {}
path.socket.bus.subscribe                      98.0 µs  200 ok  {}
path.socket.bus.unsubscribe                    66.3 µs  200 ok  {}
path.socket.session_list                      253.4 µs  200 ok  {}
path.socket.task_list                        3391.7 µs  200 ok  {}
path.socket.keystroke                          96.0 µs  200 ok  {}
path.socket.connect                           199.2 µs  30 ok  {}
path.event.roundtrip                          470.3 µs  200 ok  {}
path.pty.burst_1mib                        151373.6 µs  6 ok  {}
path.pty.attach_catchup                       136.8 µs  30 ok  {}
path.pty.time_to_first_output               29631.8 µs  6 ok  {}
path.session.lifecycle                    1045746.7 µs  6 ok  {}
path.worktree.dir_size                       1311.1 µs  30 ok  {}
path.worktree.status_files                  10571.9 µs  30 ok  {}
path.guardrail.config_load                     32.7 µs  200 ok  {}
