op.app.status                                  56.0 µs  200 ok  {}
op.audit.list                                1272.9 µs  200 ok  {}
op.project.stats                                0.6 µs  0 ok  {"bus.not_implemented":200}
op.task.get                                    77.6 µs  200 ok  {}
op.task.activity                             1370.3 µs  200 ok  {}
op.task.list                                22723.8 µs  200 ok  {}
op.task.list.filtered                        4730.1 µs  200 ok  {}
op.task.children                              160.4 µs  200 ok  {}
op.task.label.list                             24.9 µs  200 ok  {}
op.module.list                                325.4 µs  200 ok  {}
op.module.stats                               142.1 µs  200 ok  {}
op.module.changelog.draft                   25395.5 µs  200 ok  {}
op.notes.list                                 418.9 µs  200 ok  {}
op.mailbox.list                               450.0 µs  200 ok  {}
op.mailbox.outbox                             804.9 µs  200 ok  {}
op.session.list                                33.3 µs  200 ok  {}
op.session.list.all                            30.7 µs  200 ok  {}
op.session.brief                             1223.8 µs  200 ok  {}
op.session.bootstrap                          541.3 µs  200 ok  {}
op.overlap.list                                 7.2 µs  200 ok  {}
op.guardrail.holds.list                        31.8 µs  200 ok  {}
op.notify.list                                 28.3 µs  200 ok  {}
op.settings.get                                41.7 µs  200 ok  {}
op.settings.get.path                           43.7 µs  200 ok  {}
op.dashboard.get                             4539.8 µs  200 ok  {}
path.response.serialize.session_list            5.9 µs  200 ok  {}
path.socket.session_list                      236.8 µs  200 ok  {}
path.socket.task_list                       28917.3 µs  200 ok  {}
