op.bus.ping                                    12.6 µs  50 ok  {}
op.bus.schema                                 283.3 µs  50 ok  {}
op.bus.schema.whole                          9518.6 µs  7 ok  {}
op.bus.ops                                   1056.6 µs  50 ok  {}
op.bus.whoami                                8636.3 µs  50 ok  {}
op.app.version                                  8.7 µs  50 ok  {}
op.app.status                                 457.7 µs  50 ok  {}
op.app.resources.get                         5248.7 µs  50 ok  {}
op.app.resources.watch                          5.5 µs  7 ok  {}
op.app.recovery.last                          181.2 µs  50 ok  {}
op.app.log.tail                                 6.3 µs  50 ok  {}
op.app.backup.now                           22570.3 µs  1 ok  {}
op.app.backup.list                            538.2 µs  7 ok  {}
op.app.import.v3                             2466.0 µs  0 ok  {"import.source":50}
op.app.first_run.state                        194.3 µs  50 ok  {}
op.app.reconcile                             2441.1 µs  7 ok  {}
op.audit.list                                1531.7 µs  50 ok  {}
op.audit.get                                  175.1 µs  50 ok  {}
op.audit.undo                                3762.3 µs  7 ok  {}
op.workspace.create                          3220.4 µs  7 ok  {}
op.workspace.discover                         900.3 µs  7 ok  {}
op.workspace.list                             172.8 µs  50 ok  {}
op.workspace.update                          2608.0 µs  50 ok  {}
op.workspace.remove                          2725.1 µs  7 ok  {}
op.project.add                               6018.8 µs  7 ok  {}
op.project.clone                          3971936.8 µs  1 ok  {}
op.project.list                               183.7 µs  50 ok  {}
op.project.get                                157.4 µs  50 ok  {}
op.project.update                            2843.7 µs  50 ok  {}
op.project.remove                            4268.6 µs  7 ok  {}
op.project.stats                                2.4 µs  0 ok  {"bus.not_implemented":50}
op.task.create                               4902.4 µs  50 ok  {}
op.task.get                                   247.7 µs  50 ok  {}
op.task.activity                             1314.7 µs  50 ok  {}
op.task.list                                 2765.1 µs  50 ok  {}
op.task.list.filtered                         772.9 µs  50 ok  {}
op.task.update                               3679.4 µs  50 ok  {}
op.task.move                                 3754.9 µs  50 ok  {}
op.task.delete                               3015.5 µs  50 ok  {}
op.task.restore                              3175.0 µs  50 ok  {}
op.task.link_commit                          3924.7 µs  50 ok  {}
op.task.changelog.write                      3370.4 µs  50 ok  {}
op.task.attach                               4733.3 µs  50 ok  {}
op.task.detach                               3080.2 µs  50 ok  {}
op.task.parent.set                           3956.9 µs  50 ok  {}
op.task.children                              372.2 µs  50 ok  {}
op.task.label.add                            3672.0 µs  50 ok  {}
op.task.label.remove                         3672.7 µs  50 ok  {}
op.task.label.list                            200.4 µs  50 ok  {}
op.task.relate                               4049.2 µs  50 ok  {}
op.task.unrelate                             3546.2 µs  50 ok  {}
op.task.dispatch                             5110.4 µs  7 ok  {}
op.task.approve                              3250.2 µs  0 ok  {"task.column_transition":50}
op.task.copy_text                             260.8 µs  50 ok  {}
op.module.create                             3077.5 µs  50 ok  {}
op.module.get                                3217.6 µs  50 ok  {}
op.module.list                                305.0 µs  50 ok  {}
op.module.update                             2775.7 µs  50 ok  {}
op.module.complete                           2939.7 µs  50 ok  {}
op.module.reopen                             2701.6 µs  50 ok  {}
op.module.delete                             3348.9 µs  50 ok  {}
op.module.restore                            3078.4 µs  50 ok  {}
op.module.stats                               219.2 µs  50 ok  {}
op.module.changelog.draft                    2806.6 µs  50 ok  {}
op.notes.list                                 215.0 µs  50 ok  {}
op.notes.get                                  170.8 µs  50 ok  {}
op.notes.create                              2977.1 µs  50 ok  {}
op.notes.update                              2548.2 µs  50 ok  {}
op.notes.append                              2779.4 µs  50 ok  {}
op.notes.pin                                 2839.7 µs  50 ok  {}
op.notes.delete                              3317.1 µs  50 ok  {}
op.notes.restore                             2830.6 µs  50 ok  {}
op.notes.standing                             171.3 µs  50 ok  {}
op.mailbox.send                              5500.2 µs  7 ok  {}
op.mailbox.send.priority                     4154.5 µs  7 ok  {}
op.mailbox.list                               352.4 µs  50 ok  {}
op.mailbox.outbox                             474.4 µs  50 ok  {}
op.mailbox.ack                               4241.1 µs  7 ok  {}
op.session.create                         3036204.9 µs  7 ok  {}
op.session.spawn                           156519.4 µs  1 ok  {}
op.session.resume                            2617.7 µs  0 ok  {"session.state":7}
op.session.clear_restorable                  2982.5 µs  0 ok  {"session.state":50}
op.session.park                             13689.1 µs  1 ok  {}
op.session.wake                            143987.1 µs  1 ok  {}
op.session.close                           500927.3 µs  1 ok  {}
op.session.close.created                   474730.1 µs  7 ok  {}
op.session.done                              8144.9 µs  7 ok  {}
op.session.intent                            3741.3 µs  50 ok  {}
op.session.claim                             4569.5 µs  50 ok  {}
op.session.release                           4192.1 µs  50 ok  {}
op.session.get                                167.6 µs  50 ok  {}
op.session.list                               189.6 µs  50 ok  {}
op.session.list.all                           560.9 µs  50 ok  {}
op.session.peers                              197.3 µs  50 ok  {}
op.session.brief                            19773.8 µs  50 ok  {}
op.session.bootstrap                         8865.6 µs  50 ok  {}
op.session.update                            3390.7 µs  7 ok  {}
op.session.report                            4711.9 µs  50 ok  {}
op.session.attach                             181.7 µs  50 ok  {}
op.session.detach                             178.0 µs  50 ok  {}
op.session.input                               95.0 µs  50 ok  {}
op.session.input.paste_4k                     144.7 µs  50 ok  {}
op.session.resize                              71.6 µs  50 ok  {}
op.session.scrollback                         760.9 µs  50 ok  {}
op.session.scrollback.tail                    190.3 µs  50 ok  {}
op.session.restorable                         170.6 µs  50 ok  {}
op.session.discard_restorable                3052.6 µs  0 ok  {"session.state":50}
op.overlap.list                               177.1 µs  50 ok  {}
op.overlap.flag                            701885.3 µs  1 ok  {}
op.overlap.ack                               4257.6 µs  1 ok  {}
op.overlap.scan                            641026.6 µs  1 ok  {}
op.guardrail.gate                            3667.8 µs  50 ok  {}
op.guardrail.gate.refused                    4242.0 µs  0 ok  {"guardrail.protected_path":7}
op.guardrail.gate.hold                       4083.7 µs  0 ok  {"guardrail.user_bypass":7}
op.guardrail.holds.list                       200.1 µs  50 ok  {}
op.guardrail.hold.get                         402.6 µs  7 ok  {}
op.guardrail.confirm                         4581.9 µs  7 ok  {}
op.guardrail.reject                          3982.6 µs  7 ok  {}
op.guardrail.config.get                       228.8 µs  50 ok  {}
op.guardrail.config.set                      3378.6 µs  50 ok  {}
op.guardrail.check                            222.5 µs  50 ok  {}
op.guardrail.explain                         5556.3 µs  50 ok  {}
op.worktree.list                           390886.7 µs  7 ok  {}
op.worktree.list.dirty                     386573.4 µs  7 ok  {}
op.worktree.create                        2912649.4 µs  1 ok  {}
op.worktree.remove                         383345.1 µs  1 ok  {}
op.worktree.disk                           484658.9 µs  7 ok  {}
op.git.status                              132668.7 µs  7 ok  {}
op.git.diff                                135665.7 µs  7 ok  {}
op.git.diff.staged                         129127.8 µs  7 ok  {}
op.git.diff.file                            18618.3 µs  7 ok  {}
op.git.log                                  22387.7 µs  7 ok  {}
op.git.log.graph                            21931.5 µs  7 ok  {}
op.git.show                                 24211.8 µs  7 ok  {}
op.git.branches                            103133.5 µs  7 ok  {}
op.git.branch.create                        64218.6 µs  7 ok  {}
op.git.branch.switch                       272093.1 µs  7 ok  {}
op.git.branch.delete                       215944.7 µs  7 ok  {}
op.git.stage                                34095.6 µs  7 ok  {}
op.git.unstage                              97415.7 µs  7 ok  {}
op.git.commit                              349444.2 µs  7 ok  {}
op.git.fetch                               191983.2 µs  7 ok  {}
op.git.push                                363230.8 µs  7 ok  {}
op.git.pr.list                               1221.7 µs  0 ok  {"github.gh_missing":7}
op.git.pr.open                              10148.8 µs  0 ok  {"github.gh_missing":7}
op.git.branch.clean_merged                 839372.9 µs  7 ok  {}
op.git.suggest_message                     129177.0 µs  7 ok  {}
op.integration.request                      14173.6 µs  1 ok  {}
op.integration.get                            189.1 µs  50 ok  {}
op.integration.list                           197.9 µs  50 ok  {}
op.integration.discard                       2578.5 µs  1 ok  {}
op.file.tree                               118964.6 µs  7 ok  {}
op.file.tree.deep                          304775.8 µs  7 ok  {}
op.file.read                                 9029.8 µs  50 ok  {}
op.file.read.1mib                           11275.8 µs  7 ok  {}
op.file.write.4k                            12422.6 µs  7 ok  {}
op.file.write.1mib                          31774.7 µs  7 ok  {}
op.file.create                              11355.9 µs  50 ok  {}
op.file.rename                              13449.3 µs  50 ok  {}
op.file.move                                14063.4 µs  50 ok  {}
op.file.delete                              14488.6 µs  50 ok  {}
op.file.restore                              4035.8 µs  50 ok  {}
op.file.restore_head                        44174.1 µs  7 ok  {}
op.file.import                              11307.2 µs  50 ok  {}
op.file.search                            1200464.4 µs  7 ok  {}
op.file.search.regex                       318516.3 µs  7 ok  {}
op.device.list                               1239.9 µs  0 ok  {"device.adb_missing":7}
op.device.watch                              1224.9 µs  0 ok  {"device.adb_missing":7}
op.device.mirror.start                       3861.1 µs  0 ok  {"device.adb_missing":7}
op.device.mirror.stop                        2868.6 µs  0 ok  {"device.mirror_not_found":50}
op.device.mirror.input                          7.9 µs  0 ok  {"device.mirror_not_found":50}
op.device.run                                3931.2 µs  0 ok  {"device.adb_missing":7}
op.device.build                            793393.7 µs  0 ok  {"device.gradle_missing":7}
op.device.signing.get                         226.0 µs  50 ok  {}
op.device.signing.create                      471.5 µs  0 ok  {"device.signing_exists":7}
op.device.signing.set_enabled                4554.0 µs  50 ok  {}
op.device.run.stop                           3052.4 µs  0 ok  {"device.run_not_found":50}
op.device.run.list                            171.2 µs  50 ok  {}
op.avd.list                                  2792.9 µs  0 ok  {"avd.tool_missing":7}
op.avd.catalog                               1750.5 µs  0 ok  {"avd.sdk_missing":7}
op.avd.create                                4867.9 µs  0 ok  {"avd.tool_missing":7}
op.avd.boot                                  5434.0 µs  0 ok  {"avd.tool_missing":7}
op.provider.list                              824.4 µs  50 ok  {}
op.provider.refresh                         27787.8 µs  1 ok  {}
op.provider.update                           3210.6 µs  7 ok  {}
op.usage.get                                  169.6 µs  7 ok  {}
op.usage.report                              2114.0 µs  50 ok  {}
op.skill.list                                 176.1 µs  50 ok  {}
op.skill.create                              9855.3 µs  7 ok  {}
op.skill.update                             10453.6 µs  7 ok  {}
op.skill.delete                             11819.6 µs  7 ok  {}
op.skill.enable                             10788.1 µs  7 ok  {}
op.skill.install                              335.9 µs  0 ok  {"skill.github_url":1}
op.github.status                             1074.4 µs  7 ok  {}
op.github.connect                            1114.9 µs  0 ok  {"github.gh_missing":7}
op.github.repo.list                          1114.8 µs  0 ok  {"github.gh_missing":7}
op.plugin.list                                  5.9 µs  50 ok  {}
op.notify.list                                566.3 µs  50 ok  {}
op.notify.ack                                 796.7 µs  50 ok  {}
op.notify.ack_all                             360.4 µs  50 ok  {}
op.notify.settings.get                        226.8 µs  50 ok  {}
op.notify.settings.set                       3284.6 µs  50 ok  {}
op.settings.get                               220.5 µs  50 ok  {}
op.settings.get.path                          229.7 µs  50 ok  {}
op.settings.set                              3043.8 µs  50 ok  {}
op.settings.reset                            3206.3 µs  50 ok  {}
op.dashboard.get                             6123.8 µs  50 ok  {}
op.ui.state                                    16.7 µs  50 ok  {}
op.ui.page.switch                             156.9 µs  50 ok  {}
op.ui.pane.open                                92.8 µs  50 ok  {}
op.ui.pane.close                                5.9 µs  0 ok  {"ui.pane_not_found":50}
op.ui.pane.focus                                5.8 µs  0 ok  {"ui.pane_not_found":50}
op.ui.pane.move                                 6.5 µs  0 ok  {"ui.pane_not_found":50}
op.ui.layout.list                             178.6 µs  50 ok  {}
op.ui.layout.save                            2774.3 µs  50 ok  {}
op.ui.layout.apply                            192.6 µs  50 ok  {}
op.ui.layout.delete                          2929.1 µs  50 ok  {}
op.ui.window.popout                             5.8 µs  0 ok  {"ui.pane_not_found":50}
op.ui.window.close                              5.8 µs  0 ok  {"ui.window_not_found":50}
op.ui.window.list                              20.5 µs  50 ok  {}
op.ui.toast                                     7.3 µs  50 ok  {}
op.os.reveal                                 2243.2 µs  50 ok  {}
op.os.open_url                               2330.9 µs  50 ok  {}
path.store.open_fresh                       79188.4 µs  7 ok  {}
path.store.open_existing                     3360.2 µs  7 ok  {}
path.engine.new                             10312.1 µs  7 ok  {}
path.engine.startup                        887353.2 µs  7 ok  {}
path.recovery.run                          779047.2 µs  7 ok  {}
path.skills.refresh_all                     45125.2 µs  7 ok  {}
path.request.parse_8k                          14.0 µs  50 ok  {}
path.response.serialize.session_list            9.0 µs  50 ok  {}
path.socket.ping                             1137.3 µs  50 ok  {}
path.socket.bus.subscribe                     759.1 µs  50 ok  {}
path.socket.bus.unsubscribe                   656.5 µs  50 ok  {}
path.socket.session_list                     1547.3 µs  50 ok  {}
path.socket.task_list                        4919.0 µs  50 ok  {}
path.socket.keystroke                         887.3 µs  50 ok  {}
path.socket.connect                          2846.7 µs  7 ok  {}
path.event.roundtrip                         5169.2 µs  50 ok  {}
path.pty.burst_1mib                        957405.1 µs  1 ok  {}
path.pty.attach_catchup                       159.1 µs  7 ok  {}
path.pty.time_to_first_output              174423.8 µs  1 ok  {}
path.session.lifecycle                    3870558.0 µs  1 ok  {}
path.worktree.dir_size                      76138.6 µs  7 ok  {}
path.worktree.status_files                 123398.5 µs  7 ok  {}
path.guardrail.config_load                    541.3 µs  50 ok  {}
